2026-07-03 01:23:24,157 - Home endpoint called
2026-07-03 01:33:44,663 - Home endpoint called
2026-07-03 01:33:52,182 - Home endpoint called
2026-07-03 01:33:54,917 - Home endpoint called
2026-07-03 01:33:56,216 - Home endpoint called
2026-07-03 01:36:52,294 - Create incident
2026-07-03 01:37:28,034 - Get incidents
2026-07-03 01:37:30,214 - Get incidents
2026-07-03 01:38:24,668 - Create incident
2026-07-03 01:38:30,155 - Create incident
2026-07-03 01:38:38,341 - Get incidents
2026-07-03 01:39:02,578 - Delete incident
2026-07-03 01:39:09,784 - Get incidents
2026-07-03 01:42:38,254 - Update incident
2026-07-03 01:42:56,477 - Get incidents
2026-07-17 11:14:07,319 - Get incidents
2026-07-17 11:47:16,275 - Get incidents
2026-07-17 18:56:25,521 - Get incidents
2026-07-17 18:56:26,649 - Get incidents
2026-07-17 18:56:27,929 - Get incidents
2026-07-17 18:56:30,042 - Get incidents
2026-07-17 18:56:30,425 - Get incidents
2026-07-17 18:56:31,823 - Get incidents
2026-07-17 18:56:32,945 - Get incidents
2026-07-17 18:56:33,621 - Get incidents
2026-07-17 18:56:34,004 - Get incidents
2026-07-17 18:56:35,170 - Get incidents
2026-07-17 18:56:36,055 - Get incidents
2026-07-17 18:56:37,061 - Get incidents
2026-07-17 18:56:37,931 - Get incidents
2026-07-17 18:56:38,702 - Get incidents
2026-07-17 18:56:39,412 - Get incidents
2026-07-17 18:56:40,275 - Get incidents
2026-07-17 18:56:41,191 - Get incidents
2026-07-17 18:56:41,924 - Get incidents
2026-07-17 18:56:42,765 - Get incidents
2026-07-17 18:56:43,480 - Get incidents
2026-07-17 18:56:44,242 - Get incidents
2026-07-17 18:56:45,014 - Get incidents
2026-07-17 18:56:45,778 - Get incidents
2026-07-17 18:56:46,672 - Get incidents
2026-07-17 18:56:47,333 - Get incidents
2026-07-17 18:56:49,537 - Get incidents
2026-07-17 18:56:50,278 - Get incidents
2026-07-17 18:56:50,970 - Get incidents
2026-07-17 18:56:51,900 - Get incidents
2026-07-17 18:56:52,604 - Get incidents
2026-07-17 20:26:28,901 - Get incidents
2026-07-17 20:26:29,857 - Get incidents
2026-07-17 20:26:30,605 - Get incidents
2026-07-17 20:26:31,260 - Get incidents
2026-07-17 20:26:31,862 - Get incidents
2026-07-17 20:26:32,561 - Get incidents
2026-07-17 20:26:33,162 - Get incidents
2026-07-17 20:26:33,860 - Get incidents
2026-07-17 20:26:34,564 - Get incidents
2026-07-17 20:26:35,179 - Get incidents
2026-07-17 20:26:35,736 - Get incidents
2026-07-17 20:26:36,160 - Get incidents
2026-07-17 20:26:36,464 - Get incidents
2026-07-17 20:26:36,948 - Get incidents
2026-07-17 20:26:37,383 - Get incidents
2026-07-17 20:26:37,846 - Get incidents
2026-07-17 20:26:38,246 - Get incidents
2026-07-17 20:26:38,592 - Get incidents
2026-07-17 20:26:40,764 - Get incidents
2026-07-17 20:26:41,138 - Get incidents
2026-07-17 20:26:44,598 - Get incidents
2026-07-17 20:26:48,664 - Get incidents
2026-07-17 20:26:49,395 - Get incidents
2026-07-17 20:26:53,400 - Get incidents
2026-07-17 20:27:02,081 - Get incidents
2026-07-17 20:27:02,434 - Get incidents
2026-07-17 20:27:03,239 - Get incidents
2026-07-17 20:27:03,648 - Get incidents
2026-07-17 20:27:09,288 - Get incidents
2026-07-17 20:27:09,744 - Get incidents
2026-07-19 14:46:46,890 - Get incidents
2026-07-19 14:46:49,762 - Get incidents
2026-07-19 14:46:58,542 - Get incidents
2026-07-19 14:49:04,500 - Get incidents
2026-07-19 14:49:22,945 - Get incidents
2026-07-19 14:51:08,186 - Get incidents
2026-07-19 14:51:25,859 - Get incidents
2026-07-19 14:55:03,037 - Get incidents
2026-07-19 15:00:47,955 - Get incidents
2026-07-19 15:01:11,212 - Get incidents
